#-----------------------------------------------------------
# Webtalk v2017.4.1 (64-bit)
# SW Build 2117270 on Tue Jan 30 15:32:00 MST 2018
# IP Build 2095745 on Tue Jan 30 17:13:15 MST 2018
# Start of session at: Fri Dec 14 18:09:19 2018
# Process ID: 15884
# Current directory: C:/Users/danes/Documents/repository/simple_platform/simple_platform.sim/sim_1/behav/xsim
# Command line: wbtcv.exe -mode batch -source C:/Users/danes/Documents/repository/simple_platform/simple_platform.sim/sim_1/behav/xsim/xsim.dir/sim1_behav/webtalk/xsim_webtalk.tcl -notrace
# Log file: C:/Users/danes/Documents/repository/simple_platform/simple_platform.sim/sim_1/behav/xsim/webtalk.log
# Journal file: C:/Users/danes/Documents/repository/simple_platform/simple_platform.sim/sim_1/behav/xsim\webtalk.jou
#-----------------------------------------------------------
source C:/Users/danes/Documents/repository/simple_platform/simple_platform.sim/sim_1/behav/xsim/xsim.dir/sim1_behav/webtalk/xsim_webtalk.tcl -notrace
